Hello form test script
